../Core/Src/main.c:101:6:HAL_I2C_ListenCpltCallback	1
../Core/Src/main.c:106:6:HAL_I2C_AddrCallback	2
../Core/Src/main.c:122:6:HAL_I2C_SlaveRxCpltCallback	4
../Core/Src/main.c:142:6:HAL_I2C_SlaveTxCpltCallback	1
../Core/Src/main.c:148:6:HAL_I2C_ErrorCallback	4
../Core/Src/main.c:173:6:WriteRegs	3
../Core/Src/main.c:190:6:WriteServos	1
../Core/Src/main.c:196:6:WritePins	1
../Core/Src/main.c:212:5:main	1
../Core/Src/main.c:274:6:SystemClock_Config	3
../Core/Src/main.c:313:13:MX_I2C1_Init	2
../Core/Src/main.c:347:13:MX_TIM2_Init	5
../Core/Src/main.c:400:13:MX_TIM3_Init	4
../Core/Src/main.c:449:13:MX_GPIO_Init	1
../Core/Src/main.c:503:6:Error_Handler	1
